// Vitest Snapshot v1, https://vitest.dev/guide/snapshot.html

exports[`HelloWorld > has expected html structure 1`] = `
<div
  class="greetings"
  data-v-e17ea971=""
>
  <h1
    data-v-e17ea971=""
  >
    hellow World this is george
  </h1>
  <h1
    class="green"
    data-v-e17ea971=""
  >
    Hello Vitest
  </h1>
  <h3
    data-v-e17ea971=""
  >
     Youâ€™ve successfully created a project with 
    <a
      data-v-e17ea971=""
      href="https://vitejs.dev/"
      rel="noopener"
      target="_blank"
    >
      Vite
    </a>
     + 
    <a
      data-v-e17ea971=""
      href="https://vuejs.org/"
      rel="noopener"
      target="_blank"
    >
      Vue 3
    </a>
    . What's next? 
  </h3>
  <button
    class="bg-white"
    data-test="button-for-toast"
    data-v-e17ea971=""
  >
    Show Toast
  </button>
</div>
`;
